[[] WARN ] Error in file '*[/\]empty_testcase_and_uk.robot' on line 59: The '[[]Return]' setting is deprecated. Use the 'RETURN' statement instead.
[[] WARN ] Error in file '*[/\]empty_testcase_and_uk.robot' on line 62: The '[[]Return]' setting is deprecated. Use the 'RETURN' statement instead.
[[] ERROR ] Error in file '*[/\]empty_testcase_and_uk.robot' on line 41: Creating keyword '' failed: User keyword name cannot be empty.
[[] ERROR ] Error in file '*[/\]empty_testcase_and_uk.robot' on line 45: Creating keyword 'Empty UK' failed: User keyword cannot be empty.
[[] ERROR ] Error in file '*[/\]empty_testcase_and_uk.robot' on line 47: Creating keyword 'Empty UK With Settings' failed: User keyword cannot be empty.
